
┌─────────────────────────────┐
│ OpenNext — Cloudflare build │
└─────────────────────────────┘

App directory: /media/nitro/NewVolume/client-projects/bmdavey-cloudflare
Next.js version : 15.5.25
@opennextjs/cloudflare version: 1.20.6
@opennextjs/aws version: 4.1.4
workerd compatibility_date: 2026-09-20

┌─────────────────────────────────┐
│ OpenNext — Building Next.js app │
└─────────────────────────────────┘


> bmdavey@0.1.0 build
> next build

Using secrets defined in .dev.vars
   ▲ Next.js 15.5.25
   - Environments: .env

   Creating an optimized production build ...
Using secrets defined in .dev.vars
Using secrets defined in .dev.vars
Using secrets defined in .dev.vars
 ✓ Compiled successfully in 7.8s
   Linting and checking validity of types ...
   Collecting page data ...
   Generating static pages (0/12) ...
   Generating static pages (3/12) 
   Generating static pages (6/12) 
   Generating static pages (9/12) 
 ✓ Generating static pages (12/12)
   Finalizing page optimization ...
   Collecting build traces ...

Route (app)                                 Size  First Load JS
┌ ƒ /                                    15.4 kB         192 kB
├ ○ /_not-found                            997 B         103 kB
├ ○ /about                                 188 B         112 kB
├ ○ /admin                                 128 B         102 kB
├ ○ /admin/coupons                        1.9 kB         124 kB
├ ○ /admin/login                         2.46 kB         155 kB
├ ƒ /admin/products                      6.88 kB         150 kB
├ ƒ /admin/products/[id]/edit              139 B         240 kB
├ ○ /admin/products/new                    139 B         240 kB
├ ƒ /api/admin/backup                      128 B         102 kB
├ ○ /contact                               188 B         112 kB
└ ƒ /product/[id]                        8.55 kB         183 kB
+ First Load JS shared by all             102 kB
  ├ chunks/255-9e5c9994c6807ca2.js       46.1 kB
  ├ chunks/4bd1b696-409494caf8c83275.js  54.2 kB
  └ other shared chunks (total)          2.01 kB


ƒ Middleware                             33.9 kB

○  (Static)   prerendered as static content
ƒ  (Dynamic)  server-rendered on demand


┌──────────────────────────────┐
│ OpenNext — Generating bundle │
└──────────────────────────────┘

Bundling middleware function...
Bundling static assets...
Bundling cache assets...
Building server function: default...
Applying code patches: 2.883s
# copyPackageTemplateFiles
[35m⚙️ Bundling the OpenNext server...
[0m
[35mWorker saved in `.open-next/worker.js` 🚀
[0m
OpenNext build complete.
